// Jest Snapshot v1, https://goo.gl/fbAQLP

exports[`Home renders successfully 1`] = `
<DocumentFragment>
  <button
    class="MuiButtonBase-root MuiFab-root addWidgetFab MuiFab-primary"
    tabindex="0"
    title="Add Widget"
    type="button"
  >
    <span
      class="MuiFab-label"
    >
      <svg
        aria-hidden="true"
        class="MuiSvgIcon-root"
        focusable="false"
        viewBox="0 0 24 24"
      >
        <path
          d="M19 13h-6v6h-2v-6H5v-2h6V5h2v6h6v2z"
        />
      </svg>
    </span>
    <span
      class="MuiTouchRipple-root"
    />
  </button>
  <div
    class="MuiPaper-root MuiCard-root MuiPaper-elevation1 MuiPaper-rounded"
  >
    <div
      class="MuiCardContent-root"
    >
      <h1
        class="title"
      >
        Weather Widget
      </h1>
      <section>
        <label>
          <div
            class="MuiFormControl-root MuiTextField-root"
          >
            <div
              class="MuiInputBase-root MuiOutlinedInput-root MuiInputBase-formControl MuiInputBase-marginDense MuiOutlinedInput-marginDense"
            >
              <input
                aria-invalid="false"
                class="MuiInputBase-input MuiOutlinedInput-input MuiInputBase-inputMarginDense MuiOutlinedInput-inputMarginDense"
                placeholder="add location here"
                type="text"
                value=""
              />
              <fieldset
                aria-hidden="true"
                class="PrivateNotchedOutline-root-1 MuiOutlinedInput-notchedOutline"
                style="padding-left: 8px;"
              >
                <legend
                  class="PrivateNotchedOutline-legend-2"
                  style="width: 0.01px;"
                >
                  <span>
                    ​
                  </span>
                </legend>
              </fieldset>
            </div>
          </div>
        </label>
        <button
          class="MuiButtonBase-root MuiButton-root MuiButton-outlined searchBtn MuiButton-outlinedPrimary Mui-disabled Mui-disabled"
          disabled=""
          tabindex="-1"
          type="button"
        >
          <span
            class="MuiButton-label"
          >
            Search
          </span>
        </button>
      </section>
      <h2
        class="title"
      >
        Locations
      </h2>
      <div
        class="MuiTableContainer-root"
      >
        <table
          aria-label="a dense table"
          class="MuiTable-root"
        >
          <tbody
            class="MuiTableBody-root"
          />
        </table>
      </div>
    </div>
  </div>
</DocumentFragment>
`;
