// Jest Snapshot v1, https://goo.gl/fbAQLP

exports[`TodoListItem renders successfully 1`] = `
<DocumentFragment>
  <li
    class="MuiListItem-container css-oyakqy-MuiListItem-container"
  >
    <div
      class="MuiListItem-root MuiListItem-dense MuiListItem-gutters MuiListItem-padding MuiListItem-secondaryAction listItem css-1ob1ktf-MuiListItem-root"
    >
      <div
        class="MuiListItemIcon-root css-cveggr-MuiListItemIcon-root"
      >
        <span
          class="MuiCheckbox-root MuiCheckbox-colorPrimary MuiButtonBase-root MuiCheckbox-root MuiCheckbox-colorPrimary PrivateSwitchBase-root PrivateSwitchBase-edgeStart css-zkqepn-MuiButtonBase-root-MuiCheckbox-root"
        >
          <input
            class="PrivateSwitchBase-input css-1m9pwf3"
            data-indeterminate="false"
            type="checkbox"
          />
          <svg
            aria-hidden="true"
            class="MuiSvgIcon-root MuiSvgIcon-fontSizeMedium css-i4bv87-MuiSvgIcon-root"
            data-testid="CheckBoxOutlineBlankIcon"
            focusable="false"
            viewBox="0 0 24 24"
          >
            <path
              d="M19 5v14H5V5h14m0-2H5c-1.1 0-2 .9-2 2v14c0 1.1.9 2 2 2h14c1.1 0 2-.9 2-2V5c0-1.1-.9-2-2-2z"
            />
          </svg>
        </span>
      </div>
      <div
        class="MuiListItemText-root MuiListItemText-dense css-tlelie-MuiListItemText-root"
      />
    </div>
    <div
      class="MuiListItemSecondaryAction-root css-518kzi-MuiListItemSecondaryAction-root"
    >
      <button
        aria-label="delete"
        class="MuiButtonBase-root MuiIconButton-root MuiIconButton-edgeEnd MuiIconButton-sizeMedium css-1yq5fb3-MuiButtonBase-root-MuiIconButton-root"
        tabindex="0"
        type="button"
      >
        <svg
          aria-hidden="true"
          class="MuiSvgIcon-root MuiSvgIcon-fontSizeMedium css-i4bv87-MuiSvgIcon-root"
          data-testid="DeleteIcon"
          focusable="false"
          viewBox="0 0 24 24"
        >
          <path
            d="M6 19c0 1.1.9 2 2 2h8c1.1 0 2-.9 2-2V7H6v12zM19 4h-3.5l-1-1h-5l-1 1H5v2h14V4z"
          />
        </svg>
        <span
          class="MuiTouchRipple-root css-8je8zh-MuiTouchRipple-root"
        />
      </button>
    </div>
  </li>
</DocumentFragment>
`;
