// Jest Snapshot v1, https://goo.gl/fbAQLP

exports[`TimerWidgetControls renders successfully 1`] = `
<DocumentFragment>
  <section
    class="buttonsContainer"
  >
    <button
      class="MuiButtonBase-root MuiButton-root MuiButton-outlined MuiButton-outlinedSecondary"
      tabindex="0"
      type="button"
    >
      <span
        class="MuiButton-label"
      >
        Stop
      </span>
      <span
        class="MuiTouchRipple-root"
      />
    </button>
  </section>
</DocumentFragment>
`;
