// Jest Snapshot v1, https://goo.gl/fbAQLP

exports[`WeatherWidget renders successfully 1`] = `
<DocumentFragment>
  <main>
    <h1>
      Weather Widget
    </h1>
    <section>
      <label>
        Add Location
        <input
          type="text"
          value=""
        />
      </label>
      <button
        disabled=""
      >
        Search
      </button>
    </section>
    <section>
      <h2>
        Locations
      </h2>
      <table>
        <thead>
          <tr>
            <th>
              Name
            </th>
          </tr>
        </thead>
        <tbody />
      </table>
    </section>
  </main>
</DocumentFragment>
`;
