// Jest Snapshot v1, https://goo.gl/fbAQLP

exports[`TodoWidget renders successfully 1`] = `
<DocumentFragment>
  <div>
    <ul>
      <li>
        <label
          class="complete"
        >
          <input
            checked=""
            type="checkbox"
          />
          Walk the dog
        </label>
      </li>
      <li>
        <label
          class=""
        >
          <input
            type="checkbox"
          />
          Make app
        </label>
      </li>
    </ul>
    <form>
      <input
        type="text"
        value=""
      />
      <button
        type="submit"
      >
        Add Todo
      </button>
    </form>
  </div>
</DocumentFragment>
`;
