// Jest Snapshot v1, https://goo.gl/fbAQLP

exports[`CryptoCurrencyTrackerWidgetSearchBar renders successfully 1`] = `
<DocumentFragment>
  <div
    class="coinSearch"
  >
    <h1
      class="coinText"
    >
      Crypto currency
    </h1>
    <form>
      <input
        class="coinInput"
        placeholder="search..."
        type="text"
      />
    </form>
  </div>
</DocumentFragment>
`;
