// Jest Snapshot v1, https://goo.gl/fbAQLP

exports[`CryptoCurrencyTracker renders successfully 1`] = `
<DocumentFragment>
  <div
    class="coinApp"
  >
    <div
      class="coinSearch"
    >
      <h1
        class="coinText"
      >
        Search a currency
      </h1>
      <form>
        <input
          class="coinInput"
          placeholder="Search"
          type="text"
        />
      </form>
    </div>
  </div>
</DocumentFragment>
`;
