// Jest Snapshot v1, https://goo.gl/fbAQLP

exports[`WeatherWidgetLocationSearch renders successfully 1`] = `
<DocumentFragment>
  <div
    class="searchContainer"
  >
    <div
      class="MuiFormGroup-root"
    >
      <div
        class="MuiFormControl-root MuiTextField-root MuiFormControl-marginNormal"
      >
        <div
          class="MuiInputBase-root MuiOutlinedInput-root MuiInputBase-formControl MuiInputBase-marginDense MuiOutlinedInput-marginDense"
        >
          <input
            aria-invalid="false"
            class="MuiInputBase-input MuiOutlinedInput-input MuiInputBase-inputMarginDense MuiOutlinedInput-inputMarginDense"
            placeholder="add location here"
            type="text"
            value=""
          />
          <fieldset
            aria-hidden="true"
            class="PrivateNotchedOutline-root-1 MuiOutlinedInput-notchedOutline"
            style="padding-left: 8px;"
          >
            <legend
              class="PrivateNotchedOutline-legend-2"
              style="width: 0.01px;"
            >
              <span>
                ​
              </span>
            </legend>
          </fieldset>
        </div>
      </div>
      <button
        class="MuiButtonBase-root MuiButton-root MuiButton-contained MuiButton-containedPrimary Mui-disabled Mui-disabled"
        disabled=""
        tabindex="-1"
        type="submit"
      >
        <span
          class="MuiButton-label"
        >
          Search
        </span>
      </button>
    </div>
  </div>
</DocumentFragment>
`;
