// Jest Snapshot v1, https://goo.gl/fbAQLP

exports[`CryptoCurrencyTrackerWidget renders successfully 1`] = `
<DocumentFragment>
  <div
    class="MuiPaper-root MuiCard-root coinApp MuiPaper-elevation1 MuiPaper-rounded"
  >
    <div
      class="MuiCardContent-root coinContent"
    >
      <div
        class="coinSearch"
      >
        <h1
          class="coinText"
        >
          Crypto currency
        </h1>
        <form>
          <input
            class="coinInput"
            placeholder="search..."
            type="text"
          />
        </form>
      </div>
    </div>
  </div>
</DocumentFragment>
`;
