// Jest Snapshot v1, https://goo.gl/fbAQLP

exports[`App renders successfully 1`] = `
<DocumentFragment>
  <header
    class="MuiPaper-root MuiPaper-elevation MuiPaper-elevation4 MuiAppBar-root MuiAppBar-colorPrimary MuiAppBar-positionSticky css-7e0s21-MuiPaper-root-MuiAppBar-root"
  >
    <div
      class="MuiToolbar-root MuiToolbar-gutters MuiToolbar-regular css-1t29gy6-MuiToolbar-root"
    >
      <h6
        class="MuiTypography-root MuiTypography-h6 title css-2ulfj5-MuiTypography-root"
      >
        <a
          aria-current="page"
          class="selected"
          href="/"
        >
          Homepage Widgets
        </a>
      </h6>
      <button
        class="MuiButton-root MuiButton-text MuiButton-textInherit MuiButton-sizeMedium MuiButton-textSizeMedium MuiButton-colorInherit MuiButtonBase-root  css-1y942vo-MuiButtonBase-root-MuiButton-root"
        tabindex="0"
        type="button"
      >
        <a
          href="/signup"
        >
          SIGNUP
        </a>
        <span
          class="MuiTouchRipple-root css-8je8zh-MuiTouchRipple-root"
        />
      </button>
      <button
        class="MuiButton-root MuiButton-text MuiButton-textInherit MuiButton-sizeMedium MuiButton-textSizeMedium MuiButton-colorInherit MuiButtonBase-root  css-1y942vo-MuiButtonBase-root-MuiButton-root"
        tabindex="0"
        type="button"
      >
        <a
          href="/login"
        >
          LOGIN
        </a>
        <span
          class="MuiTouchRipple-root css-8je8zh-MuiTouchRipple-root"
        />
      </button>
    </div>
  </header>
</DocumentFragment>
`;
